// Jest Snapshot v1, https://goo.gl/fbAQLP

exports[`Champ renders when passed an object 1`] = `
Object {
  "asFragment": [Function],
  "baseElement": <body>
    <div>
      <div
        class="card m-2 rounded-3 link__card"
        style="min-width: 300px; background-image: url(http://ddragon.leagueoflegends.com/cdn/img/champion/loading/Aatrox_0.jpg); background-color: black;"
      >
        <a
          href="/champs/Aatrox"
        >
          <div
            class="card-body"
          >
            <h5
              class="card-title"
            >
              the Dark
            </h5>
            <h2
              class="card-title"
            />
          </div>
        </a>
      </div>
      <div
        class="card m-2 rounded-3 link__card"
        style="min-width: 300px; background-image: url(http://ddragon.leagueoflegends.com/cdn/img/champion/loading/Ahri_0.jpg); background-color: black;"
      >
        <a
          href="/champs/Ahri"
        >
          <div
            class="card-body"
          >
            <h5
              class="card-title"
            >
              the Fox
            </h5>
            <h2
              class="card-title"
            />
          </div>
        </a>
      </div>
    </div>
  </body>,
  "container": <div>
    <div
      class="card m-2 rounded-3 link__card"
      style="min-width: 300px; background-image: url(http://ddragon.leagueoflegends.com/cdn/img/champion/loading/Aatrox_0.jpg); background-color: black;"
    >
      <a
        href="/champs/Aatrox"
      >
        <div
          class="card-body"
        >
          <h5
            class="card-title"
          >
            the Dark
          </h5>
          <h2
            class="card-title"
          />
        </div>
      </a>
    </div>
    <div
      class="card m-2 rounded-3 link__card"
      style="min-width: 300px; background-image: url(http://ddragon.leagueoflegends.com/cdn/img/champion/loading/Ahri_0.jpg); background-color: black;"
    >
      <a
        href="/champs/Ahri"
      >
        <div
          class="card-body"
        >
          <h5
            class="card-title"
          >
            the Fox
          </h5>
          <h2
            class="card-title"
          />
        </div>
      </a>
    </div>
  </div>,
  "debug": [Function],
  "findAllByAltText": [Function],
  "findAllByDisplayValue": [Function],
  "findAllByLabelText": [Function],
  "findAllByPlaceholderText": [Function],
  "findAllByRole": [Function],
  "findAllByTestId": [Function],
  "findAllByText": [Function],
  "findAllByTitle": [Function],
  "findByAltText": [Function],
  "findByDisplayValue": [Function],
  "findByLabelText": [Function],
  "findByPlaceholderText": [Function],
  "findByRole": [Function],
  "findByTestId": [Function],
  "findByText": [Function],
  "findByTitle": [Function],
  "getAllByAltText": [Function],
  "getAllByDisplayValue": [Function],
  "getAllByLabelText": [Function],
  "getAllByPlaceholderText": [Function],
  "getAllByRole": [Function],
  "getAllByTestId": [Function],
  "getAllByText": [Function],
  "getAllByTitle": [Function],
  "getByAltText": [Function],
  "getByDisplayValue": [Function],
  "getByLabelText": [Function],
  "getByPlaceholderText": [Function],
  "getByRole": [Function],
  "getByTestId": [Function],
  "getByText": [Function],
  "getByTitle": [Function],
  "queryAllByAltText": [Function],
  "queryAllByDisplayValue": [Function],
  "queryAllByLabelText": [Function],
  "queryAllByPlaceholderText": [Function],
  "queryAllByRole": [Function],
  "queryAllByTestId": [Function],
  "queryAllByText": [Function],
  "queryAllByTitle": [Function],
  "queryByAltText": [Function],
  "queryByDisplayValue": [Function],
  "queryByLabelText": [Function],
  "queryByPlaceholderText": [Function],
  "queryByRole": [Function],
  "queryByTestId": [Function],
  "queryByText": [Function],
  "queryByTitle": [Function],
  "rerender": [Function],
  "unmount": [Function],
}
`;
